<script setup lang="ts"></script>

<template>
  <div class="red sm:bg-red max-2xl:bg-red bg-red">
    nihao
  </div>
</template>

<style scoped>
@media (min-width: 120px) {
  .red {
    background-color: red;
  }
}
</style>
